Microchip MPLAB XC8 Compiler V2.05 ()

Linker command line:

-W-3 --edf=/opt/microchip/xc8/v2.05/pic/dat/en_msgs.txt -cs \
  -h+dist/default/production/Final_Embedded_Project.X.production.sym \
  --cmf=dist/default/production/Final_Embedded_Project.X.production.cmf -z \
  -Q18F43K22 -o/tmp/xcX1HAg8U --defsym=__MPLAB_BUILD=1 \
  -Mdist/default/production/Final_Embedded_Project.X.production.map -E1 \
  -ver=XC8 --acfsm=1493 -ASTACK=060h-01FFh -pstack=STACK -ACODE=00h-01FFFh \
  -ACONST=00h-01FFFh -ASMALLCONST=0200h-02FFhx30 -AMEDIUMCONST=0200h-01FFFh \
  -ACOMRAM=01h-05Fh -AABS1=00h-01FFh -ABIGRAM=01h-01FFh \
  -ARAM=060h-0FFh,0100h-01FFh -ABANK0=060h-0FFh -ABANK1=0100h-01FFh \
  -ASFR=0F38h-0F5Fh,0F60h-0FFFh \
  -preset_vec=00h,intcode=08h,intcodelo,powerup,init -pramtop=0200h \
  -psmallconst=SMALLCONST -pmediumconst=MEDIUMCONST -pconst=CONST \
  -AFARRAM=00h-00h -ACONFIG=0300000h-030000Dh -pconfig=CONFIG \
  -AIDLOC=0200000h-0200007h -pidloc=IDLOC -AEEDATA=0F00000h-0F000FFh \
  -peeprom_data=EEDATA \
  -prdata=COMRAM,nvrram=COMRAM,nvbit=COMRAM,rbss=COMRAM,rbit=COMRAM \
  -pfarbss=FARRAM,fardata=FARRAM,nvFARRAM=FARRAM \
  -pintsave_regs=BIGRAM,bigbss=BIGRAM,bigdata=BIGRAM -pbss=RAM \
  -pidata=CODE,irdata=CODE,ibigdata=CODE,ifardata=CODE -prparam=COMRAM \
  /tmp/xcXRqh4Zc.o \
  dist/default/production/Final_Embedded_Project.X.production.o 

Object code version is 3.11

Machine type is 18F43K22

Call graph: (short form)




                Name                               Link     Load   Length Selector   Space Scale
/tmp/xcXRqh4Zc.o
                init                                 58       58        4        4       0
                reset_vec                             0        0        4        0       0
                idloc                            200000   200000        8   200000       0
                config                           300000   300000        E   300000       0
dist/default/production/Final_Embedded_Project.X.production.o
                intcode                               8        8       50        4       0
                temp                                  8        8        1        1       1
                text11                              158      158        6        4       0
                text9                               14E      14E        A        4       0
                text8                               13C      13C       12        4       0
                text7                               126      126       16        4       0
                text6                                AE       AE       34        4       0
                text5                                E2       E2       18        4       0
                text4                               110      110       16        4       0
                text3                               166      166        4        4       0
                text2                               162      162        4        4       0
                text1                               15E      15E        4        4       0
                text0                                5C       5C       52        4       0
                bssCOMRAM                             1        1        7        1       1
                cinit                                FA       FA       16        4       0

TOTAL           Name                               Link     Load   Length     Space
        CLASS   STACK          

        CLASS   CODE           
                intcode                               8        8       50         0
                init                                 58       58        4         0
                reset_vec                             0        0        4         0
                text11                              158      158        6         0
                text9                               14E      14E        A         0
                text8                               13C      13C       12         0
                text7                               126      126       16         0
                text6                                AE       AE       34         0
                text5                                E2       E2       18         0
                text4                               110      110       16         0
                text3                               166      166        4         0
                text2                               162      162        4         0
                text1                               15E      15E        4         0
                text0                                5C       5C       52         0
                cinit                                FA       FA       16         0

        CLASS   CONST          

        CLASS   SMALLCONST     

        CLASS   MEDIUMCONST    

        CLASS   COMRAM         
                temp                                  8        8        1         1
                bssCOMRAM                             1        1        7         1

        CLASS   ABS1           

        CLASS   BIGRAM         

        CLASS   RAM            

        CLASS   BANK0          

        CLASS   BANK1          

        CLASS   SFR            

        CLASS   FARRAM         

        CLASS   CONFIG         
                config                           300000   300000        E         0

        CLASS   IDLOC          
                idloc                            200000   200000        8         0

        CLASS   EEDATA         



SEGMENTS        Name                           Load    Length   Top    Selector   Space  Class

                reset_vec                      000000  000004  000004         0       0  CODE    
                bssCOMRAM                      000001  000008  000009         1       1  COMRAM  
                intcode                        000008  000162  00016A         4       0  CODE    
                idloc                          200000  000008  200008    200000       0  IDLOC   
                config                         300000  00000E  30000E    300000       0  CONFIG  


UNUSED ADDRESS RANGES

        Name                Unused          Largest block    Delta
        BANK0            000060-0000FF               A0
        BANK1            000100-0001FF              100
        BIGRAM           000009-0001FF              1F7
        CODE             000004-000007                4
                         00016A-001FFF             1E96
        COMRAM           000009-00005F               57
        CONST            000004-000007                4
                         00016A-001FFF             1E96
        EEDATA           F00000-F000FF              100
        MEDIUMCONST      000200-001FFF             1E00
        RAM              000060-0001FF               A0
        SFR              000F38-000FFF               28
        SMALLCONST       000200-001FFF              100
        STACK            000060-0001FF              1A0

                                  Symbol Table

_ADCON0                   (abs)        000FC2
_ADCON0bits               (abs)        000FC2
_ADCON2                   (abs)        000FC0
_ADC_VALUE                bssCOMRAM    000001
_ADC_Value                bssCOMRAM    000003
_ADRESL                   (abs)        000FC3
_ANSELAbits               (abs)        000F38
_ANSELBbits               (abs)        000F39
_ANSELC                   (abs)        000F3A
_ANSELDbits               (abs)        000F3B
_INIT_ADC                 text9        00014E
_INTCONbits               (abs)        000FF2
_IOCBbits                 (abs)        000F62
_IPEN                     (abs)        007E87
_ISR                      intcode      000008
_LATA                     (abs)        000F89
_LATB                     (abs)        000F8A
_LATC                     (abs)        000F8B
_LATC0                    (abs)        007C58
_LATC1                    (abs)        007C59
_LATC2                    (abs)        007C5A
_LATCbits                 (abs)        000F8B
_LATD                     (abs)        000F8C
_LATD5                    (abs)        007C65
_OSCCON2bits              (abs)        000FD2
_OSCCONbits               (abs)        000FD3
_OSCTUNE                  (abs)        000F9B
_PIE1bits                 (abs)        000F9D
_PIR1bits                 (abs)        000F9E
_PORTBbits                (abs)        000F81
_SETUP                    text4        000110
_SPI1_Initialize          text8        00013C
_SSP1ADD                  (abs)        000FC8
_SSP1BUF                  (abs)        000FC9
_SSP1CON1                 (abs)        000FC6
_SSP1CON1bits             (abs)        000FC6
_SSP1CON2                 (abs)        000FC5
_SSP1STAT                 (abs)        000FC7
_START_ADC                text3        000166
_TRISA5                   (abs)        007C95
_TRISAbits                (abs)        000F92
_TRISB5                   (abs)        007C9D
_TRISC0                   (abs)        007CA0
_TRISC1                   (abs)        007CA1
_TRISC2                   (abs)        007CA2
_TRISC3                   (abs)        007CA3
_TRISC4                   (abs)        007CA4
_TRISC5                   (abs)        007CA5
_TRISD5                   (abs)        007CAD
_Turn_OFF                 text2        000162
_Turn_ON                  text1        00015E
_WAIT_ADC                 text11       000158
__CFG_BOREN$SBORDIS       (abs)        000000
__CFG_BORV$190            (abs)        000000
__CFG_CCP2MX$PORTC1       (abs)        000000
__CFG_CCP3MX$PORTB5       (abs)        000000
__CFG_CP0$OFF             (abs)        000000
__CFG_CP1$OFF             (abs)        000000
__CFG_CPB$OFF             (abs)        000000
__CFG_CPD$OFF             (abs)        000000
__CFG_DEBUG$OFF           (abs)        000000
__CFG_EBTR0$OFF           (abs)        000000
__CFG_EBTR1$OFF           (abs)        000000
__CFG_EBTRB$OFF           (abs)        000000
__CFG_FCMEN$OFF           (abs)        000000
__CFG_FOSC$INTIO67        (abs)        000000
__CFG_HFOFST$ON           (abs)        000000
__CFG_IESO$OFF            (abs)        000000
__CFG_LVP$ON              (abs)        000000
__CFG_MCLRE$EXTMCLR       (abs)        000000
__CFG_P2BMX$PORTD2        (abs)        000000
__CFG_PBADEN$ON           (abs)        000000
__CFG_PLLCFG$OFF          (abs)        000000
__CFG_PRICLKEN$ON         (abs)        000000
__CFG_PWRTEN$OFF          (abs)        000000
__CFG_STVREN$ON           (abs)        000000
__CFG_T3CMX$PORTC0        (abs)        000000
__CFG_WDTEN$OFF           (abs)        000000
__CFG_WDTPS$32768         (abs)        000000
__CFG_WRT0$OFF            (abs)        000000
__CFG_WRT1$OFF            (abs)        000000
__CFG_WRTB$OFF            (abs)        000000
__CFG_WRTC$OFF            (abs)        000000
__CFG_WRTD$OFF            (abs)        000000
__CFG_XINST$OFF           (abs)        000000
__HRAM                    (abs)        000000
__Habs1                   abs1         000000
__Hbank0                  bank0        000000
__Hbank1                  bank1        000000
__Hbigbss                 bigbss       000000
__Hbigdata                bigdata      000000
__Hbigram                 bigram       000000
__Hbss                    bss          000000
__HbssCOMRAM              bssCOMRAM    000000
__Hcinit                  cinit        000000
__Hclrtext                clrtext      000000
__Hcomram                 comram       000000
__Hconfig                 config       30000E
__Hconst                  const        000000
__HcstackCOMRAM           cstackCOMRAM 000000
__Hdata                   data         000000
__Heeprom_data            eeprom_data  000000
__Hfarbss                 farbss       000000
__Hfardata                fardata      000000
__Hibigdata               ibigdata     000000
__Hidata                  idata        000000
__Hidloc                  idloc        200008
__Hifardata               ifardata     000000
__Hinit                   init         00005C
__Hintcode                intcode      000058
__Hintcode_body           intcode_body 000000
__Hintcodelo              intcodelo    000058
__Hintentry               intentry     000000
__Hintret                 intret       000000
__Hintsave_regs           intsave_regs 000000
__Hirdata                 irdata       000000
__Hmediumconst            mediumconst  000000
__HnvFARRAM               nvFARRAM     000000
__Hnvbit                  nvbit        000000
__Hnvrram                 nvrram       000000
__Hparam                  rparam       000000
__Hpowerup                powerup      000058
__Hram                    ram          000000
__Hramtop                 ramtop       000200
__Hrbit                   rbit         000000
__Hrbss                   rbss         000000
__Hrdata                  rdata        000000
__Hreset_vec              reset_vec    000004
__Hrparam                 rparam       000000
__Hsfr                    sfr          000000
__Hsmallconst             smallconst   000000
__Hspace_0                (abs)        30000E
__Hspace_1                (abs)        000009
__Hspace_2                (abs)        000000
__Hstack                  stack        000000
__Hstruct                 struct       000000
__Htemp                   temp         000009
__Htext                   text         000000
__Htext0                  text0        000000
__Htext1                  text1        000000
__Htext11                 text11       000000
__Htext2                  text2        000000
__Htext3                  text3        000000
__Htext4                  text4        000000
__Htext5                  text5        000000
__Htext6                  text6        000000
__Htext7                  text7        000000
__Htext8                  text8        000000
__Htext9                  text9        000000
__LRAM                    (abs)        000001
__Labs1                   abs1         000000
__Lbank0                  bank0        000000
__Lbank1                  bank1        000000
__Lbigbss                 bigbss       000000
__Lbigdata                bigdata      000000
__Lbigram                 bigram       000000
__Lbss                    bss          000000
__LbssCOMRAM              bssCOMRAM    000000
__Lcinit                  cinit        000000
__Lclrtext                clrtext      000000
__Lcomram                 comram       000000
__Lconfig                 config       300000
__Lconst                  const        000000
__LcstackCOMRAM           cstackCOMRAM 000000
__Ldata                   data         000000
__Leeprom_data            eeprom_data  000000
__Lfarbss                 farbss       000000
__Lfardata                fardata      000000
__Libigdata               ibigdata     000000
__Lidata                  idata        000000
__Lidloc                  idloc        200000
__Lifardata               ifardata     000000
__Linit                   init         000058
__Lintcode                intcode      000008
__Lintcode_body           intcode_body 000000
__Lintcodelo              intcodelo    000058
__Lintentry               intentry     000000
__Lintret                 intret       000000
__Lintsave_regs           intsave_regs 000000
__Lirdata                 irdata       000000
__Lmediumconst            mediumconst  000000
__LnvFARRAM               nvFARRAM     000000
__Lnvbit                  nvbit        000000
__Lnvrram                 nvrram       000000
__Lparam                  rparam       000000
__Lpowerup                powerup      000058
__Lram                    ram          000000
__Lramtop                 ramtop       000200
__Lrbit                   rbit         000000
__Lrbss                   rbss         000000
__Lrdata                  rdata        000000
__Lreset_vec              reset_vec    000000
__Lrparam                 rparam       000000
__Lsfr                    sfr          000000
__Lsmallconst             smallconst   000000
__Lspace_0                (abs)        000000
__Lspace_1                (abs)        000000
__Lspace_2                (abs)        000000
__Lstack                  stack        000000
__Lstruct                 struct       000000
__Ltemp                   temp         000008
__Ltext                   text         000000
__Ltext0                  text0        000000
__Ltext1                  text1        000000
__Ltext11                 text11       000000
__Ltext2                  text2        000000
__Ltext3                  text3        000000
__Ltext4                  text4        000000
__Ltext5                  text5        000000
__Ltext6                  text6        000000
__Ltext7                  text7        000000
__Ltext8                  text8        000000
__Ltext9                  text9        000000
__S0                      (abs)        30000E
__S1                      (abs)        000009
__S2                      (abs)        000000
___inthi_sp               stack        000000
___intlo_sp               stack        000000
___param_bank             (abs)        000000
___rparam_used            (abs)        000001
___sp                     stack        000000
__accesstop               (abs)        000060
__activetblptr            (abs)        000000
__end_of_INIT_ADC         text9        000158
__end_of_ISR              intcode      000058
__end_of_SETUP            text4        000126
__end_of_SPI1_Initialize  text8        00014E
__end_of_START_ADC        text3        00016A
__end_of_Turn_OFF         text2        000166
__end_of_Turn_ON          text1        000162
__end_of_WAIT_ADC         text11       00015E
__end_of__initialization  cinit        000106
__end_of_init_interrupts  text7        00013C
__end_of_init_pins        text6        0000E2
__end_of_main             text0        0000AE
__end_of_set_oscilators   text5        0000FA
__initialization          cinit        0000FA
__mediumconst             mediumconst  000000
__pbssCOMRAM              bssCOMRAM    000001
__pcinit                  cinit        0000FA
__pcstackCOMRAM           cstackCOMRAM 000000
__pintcode                intcode      000008
__ptext0                  text0        00005C
__ptext1                  text1        00015E
__ptext11                 text11       000158
__ptext2                  text2        000162
__ptext3                  text3        000166
__ptext4                  text4        000110
__ptext5                  text5        0000E2
__ptext6                  text6        0000AE
__ptext7                  text7        000126
__ptext8                  text8        00013C
__ptext9                  text9        00014E
__ramtop                  ramtop       000200
__size_of_INIT_ADC        (abs)        000000
__size_of_ISR             (abs)        000000
__size_of_SETUP           (abs)        000000
__size_of_SPI1_Initialize (abs)        000000
__size_of_START_ADC       (abs)        000000
__size_of_Turn_OFF        (abs)        000000
__size_of_Turn_ON         (abs)        000000
__size_of_WAIT_ADC        (abs)        000000
__size_of_init_interrupts (abs)        000000
__size_of_init_pins       (abs)        000000
__size_of_main            (abs)        000000
__size_of_set_oscilators  (abs)        000000
__smallconst              smallconst   000000
_digital_value            bssCOMRAM    000007
_init_interrupts          text7        000126
_init_pins                text6        0000AE
_main                     text0        00005C
_msg                      bssCOMRAM    000005
_recived                  bssCOMRAM    000006
_set_oscilators           text5        0000E2
btemp                     temp         000008
end_of_initialization     cinit        000106
int$flags                 temp         000008
intlevel0                 text         000000
intlevel1                 text         000000
intlevel2                 text         000000
intlevel3                 text         000000
stackhi                   (abs)        0001FF
stacklo                   (abs)        000060
start                     init         000058
start_initialization      cinit        0000FA
ttemp5                    temp         000009
ttemp6                    temp         00000C
ttemp7                    temp         000010
wtemp8                    temp         000009


FUNCTION INFORMATION:

 *************** function _main *****************
 Defined at:
		line 11 in file "main.c"
 Parameters:    Size  Location     Type
		None
 Auto vars:     Size  Location     Type
		None
 Return value:  Size  Location     Type
                  1    wreg      void 
 Registers used:
		wreg, status,2, status,0, cstack
 Tracked objects:
		On entry : 
		On exit  : 
		Unchanged: 
 Data sizes:     COMRAM   BANK0   BANK1
      Params:         0       0       0
      Locals:         0       0       0
      Temps:          0       0       0
      Totals:         0       0       0
Total ram usage:        0 bytes
 Hardware stack levels required when called:    4
 This function calls:
		_SETUP
		_START_ADC
		_Turn_OFF
		_Turn_ON
 This function is called by:
		Startup code after reset
 This function uses a non-reentrant model


 *************** function _Turn_ON *****************
 Defined at:
		line 3 in file "ACTUATOR.c"
 Parameters:    Size  Location     Type
		None
 Auto vars:     Size  Location     Type
		None
 Return value:  Size  Location     Type
                  1    wreg      void 
 Registers used:
		None
 Tracked objects:
		On entry : 
		On exit  : 
		Unchanged: 
 Data sizes:     COMRAM   BANK0   BANK1
      Params:         0       0       0
      Locals:         0       0       0
      Temps:          0       0       0
      Totals:         0       0       0
Total ram usage:        0 bytes
 Hardware stack levels used:    1
 Hardware stack levels required when called:    2
 This function calls:
		Nothing
 This function is called by:
		_main
 This function uses a non-reentrant model


 *************** function _Turn_OFF *****************
 Defined at:
		line 7 in file "ACTUATOR.c"
 Parameters:    Size  Location     Type
		None
 Auto vars:     Size  Location     Type
		None
 Return value:  Size  Location     Type
                  1    wreg      void 
 Registers used:
		None
 Tracked objects:
		On entry : 
		On exit  : 
		Unchanged: 
 Data sizes:     COMRAM   BANK0   BANK1
      Params:         0       0       0
      Locals:         0       0       0
      Temps:          0       0       0
      Totals:         0       0       0
Total ram usage:        0 bytes
 Hardware stack levels used:    1
 Hardware stack levels required when called:    2
 This function calls:
		Nothing
 This function is called by:
		_main
 This function uses a non-reentrant model


 *************** function _START_ADC *****************
 Defined at:
		line 19 in file "ADC.c"
 Parameters:    Size  Location     Type
		None
 Auto vars:     Size  Location     Type
		None
 Return value:  Size  Location     Type
                  1    wreg      void 
 Registers used:
		None
 Tracked objects:
		On entry : 
		On exit  : 
		Unchanged: 
 Data sizes:     COMRAM   BANK0   BANK1
      Params:         0       0       0
      Locals:         0       0       0
      Temps:          0       0       0
      Totals:         0       0       0
Total ram usage:        0 bytes
 Hardware stack levels used:    1
 Hardware stack levels required when called:    2
 This function calls:
		Nothing
 This function is called by:
		_main
 This function uses a non-reentrant model


 *************** function _SETUP *****************
 Defined at:
		line 4 in file "PIC_SETUP.c"
 Parameters:    Size  Location     Type
		None
 Auto vars:     Size  Location     Type
		None
 Return value:  Size  Location     Type
                  1    wreg      void 
 Registers used:
		wreg, status,2, cstack
 Tracked objects:
		On entry : 
		On exit  : 
		Unchanged: 
 Data sizes:     COMRAM   BANK0   BANK1
      Params:         0       0       0
      Locals:         0       0       0
      Temps:          0       0       0
      Totals:         0       0       0
Total ram usage:        0 bytes
 Hardware stack levels used:    1
 Hardware stack levels required when called:    3
 This function calls:
		_INIT_ADC
		_SPI1_Initialize
		_init_interrupts
		_init_pins
		_set_oscilators
 This function is called by:
		_main
 This function uses a non-reentrant model


 *************** function _set_oscilators *****************
 Defined at:
		line 14 in file "PIC_SETUP.c"
 Parameters:    Size  Location     Type
		None
 Auto vars:     Size  Location     Type
		None
 Return value:  Size  Location     Type
                  1    wreg      void 
 Registers used:
		wreg, status,2
 Tracked objects:
		On entry : 
		On exit  : 
		Unchanged: 
 Data sizes:     COMRAM   BANK0   BANK1
      Params:         0       0       0
      Locals:         0       0       0
      Temps:          0       0       0
      Totals:         0       0       0
Total ram usage:        0 bytes
 Hardware stack levels used:    1
 Hardware stack levels required when called:    2
 This function calls:
		Nothing
 This function is called by:
		_SETUP
 This function uses a non-reentrant model


 *************** function _init_pins *****************
 Defined at:
		line 38 in file "PIC_SETUP.c"
 Parameters:    Size  Location     Type
		None
 Auto vars:     Size  Location     Type
		None
 Return value:  Size  Location     Type
                  1    wreg      void 
 Registers used:
		wreg, status,2
 Tracked objects:
		On entry : 
		On exit  : 
		Unchanged: 
 Data sizes:     COMRAM   BANK0   BANK1
      Params:         0       0       0
      Locals:         0       0       0
      Temps:          0       0       0
      Totals:         0       0       0
Total ram usage:        0 bytes
 Hardware stack levels used:    1
 Hardware stack levels required when called:    2
 This function calls:
		Nothing
 This function is called by:
		_SETUP
 This function uses a non-reentrant model


 *************** function _init_interrupts *****************
 Defined at:
		line 70 in file "PIC_SETUP.c"
 Parameters:    Size  Location     Type
		None
 Auto vars:     Size  Location     Type
		None
 Return value:  Size  Location     Type
                  1    wreg      void 
 Registers used:
		None
 Tracked objects:
		On entry : 
		On exit  : 
		Unchanged: 
 Data sizes:     COMRAM   BANK0   BANK1
      Params:         0       0       0
      Locals:         0       0       0
      Temps:          0       0       0
      Totals:         0       0       0
Total ram usage:        0 bytes
 Hardware stack levels used:    1
 Hardware stack levels required when called:    2
 This function calls:
		Nothing
 This function is called by:
		_SETUP
 This function uses a non-reentrant model


 *************** function _SPI1_Initialize *****************
 Defined at:
		line 6 in file "SPI.c"
 Parameters:    Size  Location     Type
		None
 Auto vars:     Size  Location     Type
		None
 Return value:  Size  Location     Type
                  1    wreg      void 
 Registers used:
		wreg, status,2
 Tracked objects:
		On entry : 
		On exit  : 
		Unchanged: 
 Data sizes:     COMRAM   BANK0   BANK1
      Params:         0       0       0
      Locals:         0       0       0
      Temps:          0       0       0
      Totals:         0       0       0
Total ram usage:        0 bytes
 Hardware stack levels used:    1
 Hardware stack levels required when called:    2
 This function calls:
		Nothing
 This function is called by:
		_SETUP
 This function uses a non-reentrant model


 *************** function _INIT_ADC *****************
 Defined at:
		line 4 in file "ADC.c"
 Parameters:    Size  Location     Type
		None
 Auto vars:     Size  Location     Type
		None
 Return value:  Size  Location     Type
                  1    wreg      void 
 Registers used:
		wreg, status,2
 Tracked objects:
		On entry : 
		On exit  : 
		Unchanged: 
 Data sizes:     COMRAM   BANK0   BANK1
      Params:         0       0       0
      Locals:         0       0       0
      Temps:          0       0       0
      Totals:         0       0       0
Total ram usage:        0 bytes
 Hardware stack levels used:    1
 Hardware stack levels required when called:    2
 This function calls:
		Nothing
 This function is called by:
		_SETUP
 This function uses a non-reentrant model


 *************** function _ISR *****************
 Defined at:
		line 5 in file "Interrupt_Service_Routine.c"
 Parameters:    Size  Location     Type
		None
 Auto vars:     Size  Location     Type
		None
 Return value:  Size  Location     Type
                  1    wreg      void 
 Registers used:
		wreg, cstack
 Tracked objects:
		On entry : 
		On exit  : 
		Unchanged: 
 Data sizes:     COMRAM   BANK0   BANK1
      Params:         0       0       0
      Locals:         0       0       0
      Temps:          0       0       0
      Totals:         0       0       0
Total ram usage:        0 bytes
 Hardware stack levels used:    1
 Hardware stack levels required when called:    1
 This function calls:
		_WAIT_ADC
 This function is called by:
		Interrupt level 2
 This function uses a non-reentrant model


 *************** function _WAIT_ADC *****************
 Defined at:
		line 24 in file "ADC.c"
 Parameters:    Size  Location     Type
		None
 Auto vars:     Size  Location     Type
		None
 Return value:  Size  Location     Type
                  1    wreg      void 
 Registers used:
		None
 Tracked objects:
		On entry : 
		On exit  : 
		Unchanged: 
 Data sizes:     COMRAM   BANK0   BANK1
      Params:         0       0       0
      Locals:         0       0       0
      Temps:          0       0       0
      Totals:         0       0       0
Total ram usage:        0 bytes
 Hardware stack levels used:    1
 This function calls:
		Nothing
 This function is called by:
		_ISR
 This function uses a non-reentrant model



MODULE INFORMATION

Module		Function		Class		Link	Load	Size
PIC_SETUP.c
		_SETUP         		CODE           	0110	0000	23
		_init_pins     		CODE           	00AE	0000	53
		_set_oscilators		CODE           	00E2	0000	25
		_init_interrupts		CODE           	0126	0000	23

PIC_SETUP.c estimated size: 124

Interrupt_Service_Routine.c
		_ISR           		CODE           	0008	0000	81

Interrupt_Service_Routine.c estimated size: 81

shared
		__initialization		CODE           	00FA	0000	13

shared estimated size: 13

ADC.c
		_WAIT_ADC      		CODE           	0158	0000	7
		_INIT_ADC      		CODE           	014E	0000	11
		_START_ADC     		CODE           	0166	0000	5

ADC.c estimated size: 23

ACTUATOR.c
		_Turn_ON       		CODE           	015E	0000	5
		_Turn_OFF      		CODE           	0162	0000	5

ACTUATOR.c estimated size: 10

SPI.c
		_SPI1_Initialize		CODE           	013C	0000	19

SPI.c estimated size: 19

main.c
		_main          		CODE           	005C	0000	83

main.c estimated size: 83

